Evaluation Report
=================

--- Test 1: Simple Query ---
Prompt: Cuantas filas tiene el dataset?
Mode: LLM
Code:
result = len(df)
Execution: Success
Result Type: <class 'int'>

--- Test 2: Column Operation ---
Prompt: Calcula el promedio de la columna power
Mode: LLM
Code:
result = df['power'].mean()
Execution: Success
Result Type: <class 'numpy.float64'>

--- Test 3: Filtering ---
Prompt: Filtra las filas donde power sea mayor a -60
Mode: LLM
Code:
result = df[df['power'] > -60]
Execution: Success
Result Type: <class 'pandas.core.frame.DataFrame'>

--- Test 4: Plotting ---
Prompt: Genera un gráfico de dispersión de time vs power
Mode: LLM
Code:
fig = px.scatter(df, x='time', y='power', title='Dispersión de time vs power')
result = fig
Execution: Success
Result Type: <class 'plotly.graph_objs._figure.Figure'>

--- Summary ---
PASS: Simple Query (Success)
PASS: Column Operation (Success)
PASS: Filtering (Success)
PASS: Plotting (Success)
